<html>
<body>
<pre>
<h1>µVision Build Log</h1>
<h2>Tool Versions:</h2>
IDE-Version: £gVision V5.36.0.0
Copyright (C) 2021 ARM Ltd and ARM Germany GmbH. All rights reserved.
License Information: HSU PWHSU0 nuvoton Flex license: MDK Professional 5.36 (Flex) (mdk_pro) Operation stops: 31 Jul 2023
 
Tool Versions:
Toolchain:       MDK Professional 5.36 (Flex)  Version: 5.36.0.0
Toolchain Path:  C:\Keil_v5\ARM\ARMCC\Bin
C Compiler:      Armcc.exe V5.06 update 7 (build 960)
Assembler:       Armasm.exe V5.06 update 7 (build 960)
Linker/Locator:  ArmLink.exe V5.06 update 7 (build 960)
Library Manager: ArmAr.exe V5.06 update 7 (build 960)
Hex Converter:   FromElf.exe V5.06 update 7 (build 960)
CPU DLL:         SARMCM3.DLL V5.36.0.0
Dialog DLL:      DARMCM1.DLL V1.19.4.0
Target DLL:      Nu_Link.dll V3.10
Dialog DLL:      TARMCM1.DLL V1.14.4.0
 
<h2>Project:</h2>
C:\Users\PWHSU0\Desktop\NuLink2_ICP_Library+UART\M480BSP-master\SampleCode\ISP\ISP_UART_ICP_Bridge\KEIL\ISP_UART.uvproj
Project File Date:  04/28/2023

<h2>Output:</h2>
*** Using Compiler 'V5.06 update 7 (build 960)', folder: 'C:\Keil_v5\ARM\ARMCC\Bin'
Build target 'ISP_UART'
creating preprocessor file for isp_user.c...
creating preprocessor file for fmc_user.c...
creating preprocessor file for targetdev.c...
creating preprocessor file for system_M480.c...
creating preprocessor file for main.c...
creating preprocessor file for uart_transfer.c...
linking...
Program Size: Code=3152 RO-data=532 RW-data=188 ZI-data=6276  
After Build - User command #1: fromelf --bin ".\obj\M480_ISP_UART0_PB12_PB13.axf" --output ".\obj\M480_ISP_UART0_PB12_PB13.bin"
After Build - User command #2: fromelf --text -c ".\obj\M480_ISP_UART0_PB12_PB13.axf" --output ".\obj\M480_ISP_UART0_PB12_PB13.txt"
".\obj\M480_ISP_UART0_PB12_PB13.axf" - 0 Error(s), 0 Warning(s).
Build Time Elapsed:  00:00:02
</pre>
</body>
</html>
